[2026-09-01 21:13:25] 01_ingest_t100 INFO: Found 36 T-100 source file(s) under /workspaces/flight-risk/data/raw/t100
[2026-09-01 21:13:25] 01_ingest_t100 INFO: data/raw/t100/T_T100I_SEGMENT_ALL_CARRIER_1990.csv: read=51160 written=51160 years=1990
[2026-09-01 21:13:25] 01_ingest_t100 INFO: data/raw/t100/T_T100I_SEGMENT_ALL_CARRIER_1991.csv: read=51621 written=51621 years=1991
[2026-09-01 21:13:25] 01_ingest_t100 INFO: data/raw/t100/T_T100I_SEGMENT_ALL_CARRIER_1992.csv: read=56408 written=56408 years=1992
[2026-09-01 21:13:26] 01_ingest_t100 INFO: data/raw/t100/T_T100I_SEGMENT_ALL_CARRIER_1993.csv: read=55169 written=55169 years=1993
[2026-09-01 21:13:26] 01_ingest_t100 INFO: data/raw/t100/T_T100I_SEGMENT_ALL_CARRIER_1994.csv: read=56941 written=56941 years=1994
[2026-09-01 21:13:26] 01_ingest_t100 INFO: data/raw/t100/T_T100I_SEGMENT_ALL_CARRIER_1995.csv: read=58692 written=58692 years=1995
[2026-09-01 21:13:26] 01_ingest_t100 INFO: data/raw/t100/T_T100I_SEGMENT_ALL_CARRIER_1996.csv: read=60085 written=60085 years=1996
[2026-09-01 21:13:26] 01_ingest_t100 INFO: data/raw/t100/T_T100I_SEGMENT_ALL_CARRIER_1997.csv: read=61945 written=61945 years=1997
[2026-09-01 21:13:27] 01_ingest_t100 INFO: data/raw/t100/T_T100I_SEGMENT_ALL_CARRIER_1998.csv: read=63767 written=63767 years=1998
[2026-09-01 21:13:27] 01_ingest_t100 INFO: data/raw/t100/T_T100I_SEGMENT_ALL_CARRIER_1999.csv: read=64002 written=64002 years=1999
[2026-09-01 21:13:27] 01_ingest_t100 INFO: data/raw/t100/T_T100I_SEGMENT_ALL_CARRIER_2000.csv: read=67338 written=67338 years=2000
[2026-09-01 21:13:27] 01_ingest_t100 INFO: data/raw/t100/T_T100I_SEGMENT_ALL_CARRIER_2001.csv: read=65650 written=65650 years=2001
[2026-09-01 21:13:27] 01_ingest_t100 INFO: data/raw/t100/T_T100I_SEGMENT_ALL_CARRIER_2002.csv: read=63686 written=63686 years=2002
[2026-09-01 21:13:28] 01_ingest_t100 INFO: data/raw/t100/T_T100I_SEGMENT_ALL_CARRIER_2003.csv: read=64935 written=64935 years=2003
[2026-09-01 21:13:28] 01_ingest_t100 INFO: data/raw/t100/T_T100I_SEGMENT_ALL_CARRIER_2004.csv: read=70773 written=70773 years=2004
[2026-09-01 21:13:28] 01_ingest_t100 INFO: data/raw/t100/T_T100I_SEGMENT_ALL_CARRIER_2005.csv: read=71930 written=71930 years=2005
[2026-09-01 21:13:28] 01_ingest_t100 INFO: data/raw/t100/T_T100I_SEGMENT_ALL_CARRIER_2006.csv: read=74665 written=74665 years=2006
[2026-09-01 21:13:29] 01_ingest_t100 INFO: data/raw/t100/T_T100I_SEGMENT_ALL_CARRIER_2007.csv: read=77927 written=77927 years=2007
[2026-09-01 21:13:29] 01_ingest_t100 INFO: data/raw/t100/T_T100I_SEGMENT_ALL_CARRIER_2008.csv: read=74526 written=74526 years=2008
[2026-09-01 21:13:29] 01_ingest_t100 INFO: data/raw/t100/T_T100I_SEGMENT_ALL_CARRIER_2009.csv: read=70179 written=70179 years=2009
[2026-09-01 21:13:29] 01_ingest_t100 INFO: data/raw/t100/T_T100I_SEGMENT_ALL_CARRIER_2010.csv: read=74156 written=74156 years=2010
[2026-09-01 21:13:29] 01_ingest_t100 INFO: data/raw/t100/T_T100I_SEGMENT_ALL_CARRIER_2011.csv: read=75684 written=75684 years=2011
[2026-09-01 21:13:30] 01_ingest_t100 INFO: data/raw/t100/T_T100I_SEGMENT_ALL_CARRIER_2012.csv: read=74750 written=74750 years=2012
[2026-09-01 21:13:30] 01_ingest_t100 INFO: data/raw/t100/T_T100I_SEGMENT_ALL_CARRIER_2013.csv: read=74872 written=74872 years=2013
[2026-09-01 21:13:30] 01_ingest_t100 INFO: data/raw/t100/T_T100I_SEGMENT_ALL_CARRIER_2014.csv: read=78716 written=78716 years=2014
[2026-09-01 21:13:31] 01_ingest_t100 INFO: data/raw/t100/T_T100I_SEGMENT_ALL_CARRIER_2015.csv: read=84062 written=84062 years=2015
[2026-09-01 21:13:31] 01_ingest_t100 INFO: data/raw/t100/T_T100I_SEGMENT_ALL_CARRIER_2016.csv: read=88200 written=88200 years=2016
[2026-09-01 21:13:31] 01_ingest_t100 INFO: data/raw/t100/T_T100I_SEGMENT_ALL_CARRIER_2017.csv: read=90771 written=90771 years=2017
[2026-09-01 21:13:31] 01_ingest_t100 INFO: data/raw/t100/T_T100I_SEGMENT_ALL_CARRIER_2018.csv: read=93900 written=93900 years=2018
[2026-09-01 21:13:32] 01_ingest_t100 INFO: data/raw/t100/T_T100I_SEGMENT_ALL_CARRIER_2019.csv: read=92371 written=92371 years=2019
[2026-09-01 21:13:32] 01_ingest_t100 INFO: data/raw/t100/T_T100I_SEGMENT_ALL_CARRIER_2020.csv: read=57468 written=57468 years=2020
[2026-09-01 21:13:32] 01_ingest_t100 INFO: data/raw/t100/T_T100I_SEGMENT_ALL_CARRIER_2021.csv: read=75606 written=75606 years=2021
[2026-09-01 21:13:32] 01_ingest_t100 INFO: data/raw/t100/T_T100I_SEGMENT_ALL_CARRIER_2022.csv: read=97275 written=97275 years=2022
[2026-09-01 21:13:33] 01_ingest_t100 INFO: data/raw/t100/T_T100I_SEGMENT_ALL_CARRIER_2023.csv: read=102133 written=102133 years=2023
[2026-09-01 21:13:33] 01_ingest_t100 INFO: data/raw/t100/T_T100I_SEGMENT_ALL_CARRIER_2024.csv: read=108801 written=108801 years=2024
[2026-09-01 21:13:34] 01_ingest_t100 INFO: data/raw/t100/T_T100I_SEGMENT_ALL_CARRIER_2025.csv: read=112306 written=112306 years=2025
[2026-09-01 21:13:34] 01_ingest_t100 INFO: Concatenating 36 frame(s)...
[2026-09-01 21:13:34] 01_ingest_t100 INFO: Total rows_read=2662470 rows_written=2662470 rows_dropped=0 parquet_rows=2662470
[2026-09-01 21:13:36] 01_ingest_t100 INFO: Wrote /workspaces/flight-risk/data/interim/t100_raw.parquet: 2662470 rows, 48 cols, 100.3 MB
[2026-09-01 21:13:36] 01_ingest_t100 INFO: Wrote /workspaces/flight-risk/rounds/round-1-t100-panel/ingest_rowcounts.csv (36 rows)
[2026-09-01 21:13:36] 01_ingest_t100 INFO: Wrote /workspaces/flight-risk/rounds/round-1-t100-panel/ingest_schema_drift.csv (36 rows)
[2026-09-01 21:13:36] 01_ingest_t100 INFO: Coverage: earliest=(1990,1) latest=(2025,12)
[2026-09-01 21:13:36] 01_ingest_t100 INFO: SERVICE_CLASS distribution:
service_class
F    1819635
L     340398
G     292680
P     209036
Q        721
[2026-09-01 21:13:36] 01_ingest_t100 INFO: FIX-01 DONE.
[2026-09-01 21:23:35] 01_ingest_t100 INFO: Found 36 T-100 source file(s) under /workspaces/flight-risk/data/raw/t100
[2026-09-01 21:23:35] 01_ingest_t100 WARNING: data/raw/t100/T_T100I_SEGMENT_ALL_CARRIER_1990.csv: NA-string guard — column UNIQUE_CARRIER null count under naive keep_default_na=True would be 770 vs 681 under the correct empty-string-only scheme (delta 89 values would have been silently swallowed as missing)
[2026-09-01 21:23:35] 01_ingest_t100 WARNING: data/raw/t100/T_T100I_SEGMENT_ALL_CARRIER_1990.csv: NA-string guard — column CARRIER null count under naive keep_default_na=True would be 266 vs 0 under the correct empty-string-only scheme (delta 266 values would have been silently swallowed as missing)
[2026-09-01 21:23:35] 01_ingest_t100 INFO: data/raw/t100/T_T100I_SEGMENT_ALL_CARRIER_1990.csv: read=51160 written=51160 years=1990
[2026-09-01 21:23:35] 01_ingest_t100 WARNING: data/raw/t100/T_T100I_SEGMENT_ALL_CARRIER_1991.csv: NA-string guard — column UNIQUE_CARRIER null count under naive keep_default_na=True would be 288 vs 200 under the correct empty-string-only scheme (delta 88 values would have been silently swallowed as missing)
[2026-09-01 21:23:35] 01_ingest_t100 WARNING: data/raw/t100/T_T100I_SEGMENT_ALL_CARRIER_1991.csv: NA-string guard — column CARRIER null count under naive keep_default_na=True would be 358 vs 0 under the correct empty-string-only scheme (delta 358 values would have been silently swallowed as missing)
[2026-09-01 21:23:35] 01_ingest_t100 INFO: data/raw/t100/T_T100I_SEGMENT_ALL_CARRIER_1991.csv: read=51621 written=51621 years=1991
[2026-09-01 21:23:35] 01_ingest_t100 WARNING: data/raw/t100/T_T100I_SEGMENT_ALL_CARRIER_1992.csv: NA-string guard — column UNIQUE_CARRIER null count under naive keep_default_na=True would be 402 vs 267 under the correct empty-string-only scheme (delta 135 values would have been silently swallowed as missing)
[2026-09-01 21:23:35] 01_ingest_t100 WARNING: data/raw/t100/T_T100I_SEGMENT_ALL_CARRIER_1992.csv: NA-string guard — column CARRIER null count under naive keep_default_na=True would be 458 vs 0 under the correct empty-string-only scheme (delta 458 values would have been silently swallowed as missing)
[2026-09-01 21:23:35] 01_ingest_t100 INFO: data/raw/t100/T_T100I_SEGMENT_ALL_CARRIER_1992.csv: read=56408 written=56408 years=1992
[2026-09-01 21:23:36] 01_ingest_t100 WARNING: data/raw/t100/T_T100I_SEGMENT_ALL_CARRIER_1993.csv: NA-string guard — column UNIQUE_CARRIER null count under naive keep_default_na=True would be 560 vs 393 under the correct empty-string-only scheme (delta 167 values would have been silently swallowed as missing)
[2026-09-01 21:23:36] 01_ingest_t100 WARNING: data/raw/t100/T_T100I_SEGMENT_ALL_CARRIER_1993.csv: NA-string guard — column CARRIER null count under naive keep_default_na=True would be 515 vs 0 under the correct empty-string-only scheme (delta 515 values would have been silently swallowed as missing)
[2026-09-01 21:23:36] 01_ingest_t100 INFO: data/raw/t100/T_T100I_SEGMENT_ALL_CARRIER_1993.csv: read=55169 written=55169 years=1993
[2026-09-01 21:23:36] 01_ingest_t100 WARNING: data/raw/t100/T_T100I_SEGMENT_ALL_CARRIER_1994.csv: NA-string guard — column UNIQUE_CARRIER null count under naive keep_default_na=True would be 545 vs 388 under the correct empty-string-only scheme (delta 157 values would have been silently swallowed as missing)
[2026-09-01 21:23:36] 01_ingest_t100 WARNING: data/raw/t100/T_T100I_SEGMENT_ALL_CARRIER_1994.csv: NA-string guard — column CARRIER null count under naive keep_default_na=True would be 559 vs 0 under the correct empty-string-only scheme (delta 559 values would have been silently swallowed as missing)
[2026-09-01 21:23:36] 01_ingest_t100 INFO: data/raw/t100/T_T100I_SEGMENT_ALL_CARRIER_1994.csv: read=56941 written=56941 years=1994
[2026-09-01 21:23:36] 01_ingest_t100 WARNING: data/raw/t100/T_T100I_SEGMENT_ALL_CARRIER_1995.csv: NA-string guard — column UNIQUE_CARRIER null count under naive keep_default_na=True would be 187 vs 21 under the correct empty-string-only scheme (delta 166 values would have been silently swallowed as missing)
[2026-09-01 21:23:36] 01_ingest_t100 WARNING: data/raw/t100/T_T100I_SEGMENT_ALL_CARRIER_1995.csv: NA-string guard — column CARRIER null count under naive keep_default_na=True would be 642 vs 0 under the correct empty-string-only scheme (delta 642 values would have been silently swallowed as missing)
[2026-09-01 21:23:36] 01_ingest_t100 INFO: data/raw/t100/T_T100I_SEGMENT_ALL_CARRIER_1995.csv: read=58692 written=58692 years=1995
[2026-09-01 21:23:36] 01_ingest_t100 WARNING: data/raw/t100/T_T100I_SEGMENT_ALL_CARRIER_1996.csv: NA-string guard — column UNIQUE_CARRIER null count under naive keep_default_na=True would be 276 vs 35 under the correct empty-string-only scheme (delta 241 values would have been silently swallowed as missing)
[2026-09-01 21:23:36] 01_ingest_t100 WARNING: data/raw/t100/T_T100I_SEGMENT_ALL_CARRIER_1996.csv: NA-string guard — column CARRIER null count under naive keep_default_na=True would be 767 vs 0 under the correct empty-string-only scheme (delta 767 values would have been silently swallowed as missing)
[2026-09-01 21:23:36] 01_ingest_t100 INFO: data/raw/t100/T_T100I_SEGMENT_ALL_CARRIER_1996.csv: read=60085 written=60085 years=1996
[2026-09-01 21:23:37] 01_ingest_t100 WARNING: data/raw/t100/T_T100I_SEGMENT_ALL_CARRIER_1997.csv: NA-string guard — column UNIQUE_CARRIER null count under naive keep_default_na=True would be 441 vs 68 under the correct empty-string-only scheme (delta 373 values would have been silently swallowed as missing)
[2026-09-01 21:23:37] 01_ingest_t100 WARNING: data/raw/t100/T_T100I_SEGMENT_ALL_CARRIER_1997.csv: NA-string guard — column CARRIER null count under naive keep_default_na=True would be 745 vs 0 under the correct empty-string-only scheme (delta 745 values would have been silently swallowed as missing)
[2026-09-01 21:23:37] 01_ingest_t100 INFO: data/raw/t100/T_T100I_SEGMENT_ALL_CARRIER_1997.csv: read=61945 written=61945 years=1997
[2026-09-01 21:23:37] 01_ingest_t100 WARNING: data/raw/t100/T_T100I_SEGMENT_ALL_CARRIER_1998.csv: NA-string guard — column UNIQUE_CARRIER null count under naive keep_default_na=True would be 408 vs 84 under the correct empty-string-only scheme (delta 324 values would have been silently swallowed as missing)
[2026-09-01 21:23:37] 01_ingest_t100 WARNING: data/raw/t100/T_T100I_SEGMENT_ALL_CARRIER_1998.csv: NA-string guard — column CARRIER null count under naive keep_default_na=True would be 734 vs 0 under the correct empty-string-only scheme (delta 734 values would have been silently swallowed as missing)
[2026-09-01 21:23:37] 01_ingest_t100 INFO: data/raw/t100/T_T100I_SEGMENT_ALL_CARRIER_1998.csv: read=63767 written=63767 years=1998
[2026-09-01 21:23:37] 01_ingest_t100 WARNING: data/raw/t100/T_T100I_SEGMENT_ALL_CARRIER_1999.csv: NA-string guard — column UNIQUE_CARRIER null count under naive keep_default_na=True would be 275 vs 8 under the correct empty-string-only scheme (delta 267 values would have been silently swallowed as missing)
[2026-09-01 21:23:37] 01_ingest_t100 WARNING: data/raw/t100/T_T100I_SEGMENT_ALL_CARRIER_1999.csv: NA-string guard — column CARRIER null count under naive keep_default_na=True would be 548 vs 0 under the correct empty-string-only scheme (delta 548 values would have been silently swallowed as missing)
[2026-09-01 21:23:37] 01_ingest_t100 INFO: data/raw/t100/T_T100I_SEGMENT_ALL_CARRIER_1999.csv: read=64002 written=64002 years=1999
[2026-09-01 21:23:38] 01_ingest_t100 WARNING: data/raw/t100/T_T100I_SEGMENT_ALL_CARRIER_2000.csv: NA-string guard — column UNIQUE_CARRIER null count under naive keep_default_na=True would be 707 vs 61 under the correct empty-string-only scheme (delta 646 values would have been silently swallowed as missing)
[2026-09-01 21:23:38] 01_ingest_t100 INFO: data/raw/t100/T_T100I_SEGMENT_ALL_CARRIER_2000.csv: read=67338 written=67338 years=2000
[2026-09-01 21:23:38] 01_ingest_t100 WARNING: data/raw/t100/T_T100I_SEGMENT_ALL_CARRIER_2001.csv: NA-string guard — column UNIQUE_CARRIER null count under naive keep_default_na=True would be 1936 vs 7 under the correct empty-string-only scheme (delta 1929 values would have been silently swallowed as missing)
[2026-09-01 21:23:38] 01_ingest_t100 INFO: data/raw/t100/T_T100I_SEGMENT_ALL_CARRIER_2001.csv: read=65650 written=65650 years=2001
[2026-09-01 21:23:38] 01_ingest_t100 WARNING: data/raw/t100/T_T100I_SEGMENT_ALL_CARRIER_2002.csv: NA-string guard — column UNIQUE_CARRIER null count under naive keep_default_na=True would be 933 vs 0 under the correct empty-string-only scheme (delta 933 values would have been silently swallowed as missing)
[2026-09-01 21:23:38] 01_ingest_t100 WARNING: data/raw/t100/T_T100I_SEGMENT_ALL_CARRIER_2002.csv: NA-string guard — column DEST_COUNTRY null count under naive keep_default_na=True would be 1 vs 0 under the correct empty-string-only scheme (delta 1 values would have been silently swallowed as missing)
[2026-09-01 21:23:38] 01_ingest_t100 INFO: data/raw/t100/T_T100I_SEGMENT_ALL_CARRIER_2002.csv: read=63686 written=63686 years=2002
[2026-09-01 21:23:39] 01_ingest_t100 WARNING: data/raw/t100/T_T100I_SEGMENT_ALL_CARRIER_2003.csv: NA-string guard — column UNIQUE_CARRIER null count under naive keep_default_na=True would be 400 vs 0 under the correct empty-string-only scheme (delta 400 values would have been silently swallowed as missing)
[2026-09-01 21:23:39] 01_ingest_t100 INFO: data/raw/t100/T_T100I_SEGMENT_ALL_CARRIER_2003.csv: read=64935 written=64935 years=2003
[2026-09-01 21:23:39] 01_ingest_t100 WARNING: data/raw/t100/T_T100I_SEGMENT_ALL_CARRIER_2004.csv: NA-string guard — column UNIQUE_CARRIER null count under naive keep_default_na=True would be 558 vs 0 under the correct empty-string-only scheme (delta 558 values would have been silently swallowed as missing)
[2026-09-01 21:23:39] 01_ingest_t100 INFO: data/raw/t100/T_T100I_SEGMENT_ALL_CARRIER_2004.csv: read=70773 written=70773 years=2004
[2026-09-01 21:23:39] 01_ingest_t100 WARNING: data/raw/t100/T_T100I_SEGMENT_ALL_CARRIER_2005.csv: NA-string guard — column UNIQUE_CARRIER null count under naive keep_default_na=True would be 472 vs 0 under the correct empty-string-only scheme (delta 472 values would have been silently swallowed as missing)
[2026-09-01 21:23:39] 01_ingest_t100 WARNING: data/raw/t100/T_T100I_SEGMENT_ALL_CARRIER_2005.csv: NA-string guard — column CARRIER null count under naive keep_default_na=True would be 472 vs 0 under the correct empty-string-only scheme (delta 472 values would have been silently swallowed as missing)
[2026-09-01 21:23:39] 01_ingest_t100 INFO: data/raw/t100/T_T100I_SEGMENT_ALL_CARRIER_2005.csv: read=71930 written=71930 years=2005
[2026-09-01 21:23:40] 01_ingest_t100 WARNING: data/raw/t100/T_T100I_SEGMENT_ALL_CARRIER_2006.csv: NA-string guard — column UNIQUE_CARRIER null count under naive keep_default_na=True would be 460 vs 7 under the correct empty-string-only scheme (delta 453 values would have been silently swallowed as missing)
[2026-09-01 21:23:40] 01_ingest_t100 WARNING: data/raw/t100/T_T100I_SEGMENT_ALL_CARRIER_2006.csv: NA-string guard — column CARRIER null count under naive keep_default_na=True would be 453 vs 0 under the correct empty-string-only scheme (delta 453 values would have been silently swallowed as missing)
[2026-09-01 21:23:40] 01_ingest_t100 INFO: data/raw/t100/T_T100I_SEGMENT_ALL_CARRIER_2006.csv: read=74665 written=74665 years=2006
[2026-09-01 21:23:40] 01_ingest_t100 WARNING: data/raw/t100/T_T100I_SEGMENT_ALL_CARRIER_2007.csv: NA-string guard — column UNIQUE_CARRIER null count under naive keep_default_na=True would be 363 vs 0 under the correct empty-string-only scheme (delta 363 values would have been silently swallowed as missing)
[2026-09-01 21:23:40] 01_ingest_t100 WARNING: data/raw/t100/T_T100I_SEGMENT_ALL_CARRIER_2007.csv: NA-string guard — column CARRIER null count under naive keep_default_na=True would be 363 vs 0 under the correct empty-string-only scheme (delta 363 values would have been silently swallowed as missing)
[2026-09-01 21:23:40] 01_ingest_t100 INFO: data/raw/t100/T_T100I_SEGMENT_ALL_CARRIER_2007.csv: read=77927 written=77927 years=2007
[2026-09-01 21:23:41] 01_ingest_t100 WARNING: data/raw/t100/T_T100I_SEGMENT_ALL_CARRIER_2008.csv: NA-string guard — column UNIQUE_CARRIER null count under naive keep_default_na=True would be 248 vs 0 under the correct empty-string-only scheme (delta 248 values would have been silently swallowed as missing)
[2026-09-01 21:23:41] 01_ingest_t100 WARNING: data/raw/t100/T_T100I_SEGMENT_ALL_CARRIER_2008.csv: NA-string guard — column CARRIER null count under naive keep_default_na=True would be 248 vs 0 under the correct empty-string-only scheme (delta 248 values would have been silently swallowed as missing)
[2026-09-01 21:23:41] 01_ingest_t100 WARNING: data/raw/t100/T_T100I_SEGMENT_ALL_CARRIER_2008.csv: NA-string guard — column DEST_COUNTRY null count under naive keep_default_na=True would be 1 vs 0 under the correct empty-string-only scheme (delta 1 values would have been silently swallowed as missing)
[2026-09-01 21:23:41] 01_ingest_t100 INFO: data/raw/t100/T_T100I_SEGMENT_ALL_CARRIER_2008.csv: read=74526 written=74526 years=2008
[2026-09-01 21:23:41] 01_ingest_t100 WARNING: data/raw/t100/T_T100I_SEGMENT_ALL_CARRIER_2009.csv: NA-string guard — column UNIQUE_CARRIER null count under naive keep_default_na=True would be 137 vs 12 under the correct empty-string-only scheme (delta 125 values would have been silently swallowed as missing)
[2026-09-01 21:23:41] 01_ingest_t100 WARNING: data/raw/t100/T_T100I_SEGMENT_ALL_CARRIER_2009.csv: NA-string guard — column CARRIER null count under naive keep_default_na=True would be 125 vs 0 under the correct empty-string-only scheme (delta 125 values would have been silently swallowed as missing)
[2026-09-01 21:23:41] 01_ingest_t100 INFO: data/raw/t100/T_T100I_SEGMENT_ALL_CARRIER_2009.csv: read=70179 written=70179 years=2009
[2026-09-01 21:23:41] 01_ingest_t100 WARNING: data/raw/t100/T_T100I_SEGMENT_ALL_CARRIER_2010.csv: NA-string guard — column UNIQUE_CARRIER null count under naive keep_default_na=True would be 144 vs 0 under the correct empty-string-only scheme (delta 144 values would have been silently swallowed as missing)
[2026-09-01 21:23:41] 01_ingest_t100 WARNING: data/raw/t100/T_T100I_SEGMENT_ALL_CARRIER_2010.csv: NA-string guard — column CARRIER null count under naive keep_default_na=True would be 144 vs 0 under the correct empty-string-only scheme (delta 144 values would have been silently swallowed as missing)
[2026-09-01 21:23:41] 01_ingest_t100 INFO: data/raw/t100/T_T100I_SEGMENT_ALL_CARRIER_2010.csv: read=74156 written=74156 years=2010
[2026-09-01 21:23:42] 01_ingest_t100 WARNING: data/raw/t100/T_T100I_SEGMENT_ALL_CARRIER_2011.csv: NA-string guard — column UNIQUE_CARRIER null count under naive keep_default_na=True would be 194 vs 0 under the correct empty-string-only scheme (delta 194 values would have been silently swallowed as missing)
[2026-09-01 21:23:42] 01_ingest_t100 WARNING: data/raw/t100/T_T100I_SEGMENT_ALL_CARRIER_2011.csv: NA-string guard — column CARRIER null count under naive keep_default_na=True would be 194 vs 0 under the correct empty-string-only scheme (delta 194 values would have been silently swallowed as missing)
[2026-09-01 21:23:42] 01_ingest_t100 WARNING: data/raw/t100/T_T100I_SEGMENT_ALL_CARRIER_2011.csv: NA-string guard — column DEST_COUNTRY null count under naive keep_default_na=True would be 1 vs 0 under the correct empty-string-only scheme (delta 1 values would have been silently swallowed as missing)
[2026-09-01 21:23:42] 01_ingest_t100 INFO: data/raw/t100/T_T100I_SEGMENT_ALL_CARRIER_2011.csv: read=75684 written=75684 years=2011
[2026-09-01 21:23:42] 01_ingest_t100 WARNING: data/raw/t100/T_T100I_SEGMENT_ALL_CARRIER_2012.csv: NA-string guard — column UNIQUE_CARRIER null count under naive keep_default_na=True would be 48 vs 0 under the correct empty-string-only scheme (delta 48 values would have been silently swallowed as missing)
[2026-09-01 21:23:42] 01_ingest_t100 WARNING: data/raw/t100/T_T100I_SEGMENT_ALL_CARRIER_2012.csv: NA-string guard — column CARRIER null count under naive keep_default_na=True would be 48 vs 0 under the correct empty-string-only scheme (delta 48 values would have been silently swallowed as missing)
[2026-09-01 21:23:42] 01_ingest_t100 INFO: data/raw/t100/T_T100I_SEGMENT_ALL_CARRIER_2012.csv: read=74750 written=74750 years=2012
[2026-09-01 21:23:42] 01_ingest_t100 WARNING: data/raw/t100/T_T100I_SEGMENT_ALL_CARRIER_2013.csv: NA-string guard — column UNIQUE_CARRIER null count under naive keep_default_na=True would be 64 vs 0 under the correct empty-string-only scheme (delta 64 values would have been silently swallowed as missing)
[2026-09-01 21:23:42] 01_ingest_t100 WARNING: data/raw/t100/T_T100I_SEGMENT_ALL_CARRIER_2013.csv: NA-string guard — column CARRIER null count under naive keep_default_na=True would be 64 vs 0 under the correct empty-string-only scheme (delta 64 values would have been silently swallowed as missing)
[2026-09-01 21:23:42] 01_ingest_t100 INFO: data/raw/t100/T_T100I_SEGMENT_ALL_CARRIER_2013.csv: read=74872 written=74872 years=2013
[2026-09-01 21:23:43] 01_ingest_t100 WARNING: data/raw/t100/T_T100I_SEGMENT_ALL_CARRIER_2014.csv: NA-string guard — column UNIQUE_CARRIER null count under naive keep_default_na=True would be 28 vs 0 under the correct empty-string-only scheme (delta 28 values would have been silently swallowed as missing)
[2026-09-01 21:23:43] 01_ingest_t100 WARNING: data/raw/t100/T_T100I_SEGMENT_ALL_CARRIER_2014.csv: NA-string guard — column CARRIER null count under naive keep_default_na=True would be 28 vs 0 under the correct empty-string-only scheme (delta 28 values would have been silently swallowed as missing)
[2026-09-01 21:23:43] 01_ingest_t100 INFO: data/raw/t100/T_T100I_SEGMENT_ALL_CARRIER_2014.csv: read=78716 written=78716 years=2014
[2026-09-01 21:23:43] 01_ingest_t100 WARNING: data/raw/t100/T_T100I_SEGMENT_ALL_CARRIER_2015.csv: NA-string guard — column ORIGIN_COUNTRY null count under naive keep_default_na=True would be 1 vs 0 under the correct empty-string-only scheme (delta 1 values would have been silently swallowed as missing)
[2026-09-01 21:23:43] 01_ingest_t100 INFO: data/raw/t100/T_T100I_SEGMENT_ALL_CARRIER_2015.csv: read=84062 written=84062 years=2015
[2026-09-01 21:23:43] 01_ingest_t100 WARNING: data/raw/t100/T_T100I_SEGMENT_ALL_CARRIER_2016.csv: NA-string guard — column ORIGIN_COUNTRY null count under naive keep_default_na=True would be 2 vs 0 under the correct empty-string-only scheme (delta 2 values would have been silently swallowed as missing)
[2026-09-01 21:23:43] 01_ingest_t100 INFO: data/raw/t100/T_T100I_SEGMENT_ALL_CARRIER_2016.csv: read=88200 written=88200 years=2016
[2026-09-01 21:23:44] 01_ingest_t100 INFO: data/raw/t100/T_T100I_SEGMENT_ALL_CARRIER_2017.csv: read=90771 written=90771 years=2017
[2026-09-01 21:23:44] 01_ingest_t100 INFO: data/raw/t100/T_T100I_SEGMENT_ALL_CARRIER_2018.csv: read=93900 written=93900 years=2018
[2026-09-01 21:23:45] 01_ingest_t100 INFO: data/raw/t100/T_T100I_SEGMENT_ALL_CARRIER_2019.csv: read=92371 written=92371 years=2019
[2026-09-01 21:23:45] 01_ingest_t100 INFO: data/raw/t100/T_T100I_SEGMENT_ALL_CARRIER_2020.csv: read=57468 written=57468 years=2020
[2026-09-01 21:23:45] 01_ingest_t100 INFO: data/raw/t100/T_T100I_SEGMENT_ALL_CARRIER_2021.csv: read=75606 written=75606 years=2021
[2026-09-01 21:23:46] 01_ingest_t100 INFO: data/raw/t100/T_T100I_SEGMENT_ALL_CARRIER_2022.csv: read=97275 written=97275 years=2022
[2026-09-01 21:23:46] 01_ingest_t100 INFO: data/raw/t100/T_T100I_SEGMENT_ALL_CARRIER_2023.csv: read=102133 written=102133 years=2023
[2026-09-01 21:23:47] 01_ingest_t100 INFO: data/raw/t100/T_T100I_SEGMENT_ALL_CARRIER_2024.csv: read=108801 written=108801 years=2024
[2026-09-01 21:23:47] 01_ingest_t100 INFO: data/raw/t100/T_T100I_SEGMENT_ALL_CARRIER_2025.csv: read=112306 written=112306 years=2025
[2026-09-01 21:23:47] 01_ingest_t100 INFO: Concatenating 36 frame(s)...
[2026-09-01 21:23:47] 01_ingest_t100 INFO: Total rows_read=2662470 rows_written=2662470 rows_dropped=0 parquet_rows=2662470
[2026-09-01 21:23:48] 01_ingest_t100 INFO: assertion UNIQUE_CARRIER == 'NA': actual=8612 expected=8612 [OK]
[2026-09-01 21:23:48] 01_ingest_t100 INFO: assertion CARRIER == 'NA': actual=7731 expected=7731 [OK]
[2026-09-01 21:23:48] 01_ingest_t100 INFO: assertion ORIGIN_COUNTRY == 'NA': actual=3 expected=3 [OK]
[2026-09-01 21:23:48] 01_ingest_t100 INFO: assertion DEST_COUNTRY == 'NA': actual=3 expected=3 [OK]
[2026-09-01 21:23:48] 01_ingest_t100 INFO: assertion UNIQUE_CARRIER.isna(): actual=2407 expected=2407 [OK]
[2026-09-01 21:23:48] 01_ingest_t100 INFO: assertion CARRIER.isna(): actual=0 expected=0 [OK]
[2026-09-01 21:23:48] 01_ingest_t100 INFO: assertion ORIGIN_COUNTRY.isna(): actual=38 expected=38 [OK]
[2026-09-01 21:23:48] 01_ingest_t100 INFO: assertion DEST_COUNTRY.isna(): actual=41 expected=41 [OK]
[2026-09-01 21:23:49] 01_ingest_t100 INFO: Wrote /workspaces/flight-risk/data/interim/t100_raw.parquet: 2662470 rows, 48 cols, 100.3 MB
[2026-09-01 21:23:49] 01_ingest_t100 INFO: Wrote /workspaces/flight-risk/rounds/round-1-t100-panel/ingest_rowcounts.csv (36 rows)
[2026-09-01 21:23:49] 01_ingest_t100 INFO: Wrote /workspaces/flight-risk/rounds/round-1-t100-panel/ingest_schema_drift.csv (36 rows)
[2026-09-01 21:23:49] 01_ingest_t100 INFO: Wrote /workspaces/flight-risk/rounds/round-1-t100-panel/ingest_value_drift.csv (153 rows)
[2026-09-01 21:23:49] 01_ingest_t100 WARNING: SERVICE_CLASS values outside Part 0's documented {F,G,L,P} set found: ['Q'] (see /workspaces/flight-risk/rounds/round-1-t100-panel/ingest_value_drift.csv)
[2026-09-01 21:23:49] 01_ingest_t100 INFO: Coverage: earliest=(1990,1) latest=(2025,12)
[2026-09-01 21:23:49] 01_ingest_t100 INFO: SERVICE_CLASS distribution:
service_class
F    1819635
L     340398
G     292680
P     209036
Q        721
[2026-09-01 21:23:49] 01_ingest_t100 INFO: FIX-01 DONE.
