[2026-09-02 00:23:01] 03_coverage_audit INFO: Loaded t100_raw.parquet: 2662470 rows.
[2026-09-02 00:23:01] 03_coverage_audit INFO: Loaded carrier_nation.parquet: 8842 (UNIQUE_CARRIER, year) rows.
[2026-09-02 00:23:01] 03_coverage_audit INFO: Loaded carrier_nation_precision_audit.csv: 290 matched-foreign codes.
[2026-09-02 00:23:01] 03_coverage_audit INFO: Filter passenger service (is_passenger==True) & DEPARTURES_PERFORMED>0: 2662470 -> 1815580 rows.
[2026-09-02 00:23:01] 03_coverage_audit INFO: US-touching check: every sampled row has exactly one US endpoint (verified).
[2026-09-02 00:23:02] 03_coverage_audit INFO: merge on=(UNIQUE_CARRIER, YEAR) how=left | left=1815580 right=8842 -> merged=1815580
[2026-09-02 00:23:02] 03_coverage_audit INFO:   _merge both: 1815065 (100.0%)
[2026-09-02 00:23:02] 03_coverage_audit INFO:   _merge left_only: 515 (0.0%)
[2026-09-02 00:23:02] 03_coverage_audit INFO:   _merge right_only: 0 (0.0%)
[2026-09-02 00:23:02] 03_coverage_audit INFO:   match rate (both/merged): 1.000
[2026-09-02 00:23:02] 03_coverage_audit INFO: Excluded population (FIX-02 mapping): 98 codes / 70132 segment-month rows / 1214475 departures logged to /workspaces/flight-risk/rounds/round-1-t100-panel/coverage_matching_exclusions.csv.
[2026-09-02 00:23:02] 03_coverage_audit INFO:   null_carrier_code: 1 codes, 515 rows, 6327 departures.
[2026-09-02 00:23:02] 03_coverage_audit INFO:   refused_suffix_collision: 20 codes, 11939 rows, 178674 departures.
[2026-09-02 00:23:02] 03_coverage_audit INFO:   unmatched_code: 78 codes, 57678 rows, 1029474 departures.
[2026-09-02 00:23:02] 03_coverage_audit INFO: Matched sample for coverage audit: 1745448 / 1815580 rows (0.9614 of segment-months, 0.9708 of departures).
[2026-09-02 00:23:02] 03_coverage_audit INFO: Precision-flag merge: 1002068 rows unmatched to precision_audit (expect ~= us_by_construction rows = 1002068).
[2026-09-02 00:23:04] 03_coverage_audit INFO: Wrote /workspaces/flight-risk/rounds/round-1-t100-panel/coverage_audit.csv: 2249 nation x year cells.
[2026-09-02 00:23:04] 03_coverage_audit INFO: G5 pass: all 7 share columns within [0,1]; air-time shares sum to 1 in every cell.
[2026-09-02 00:23:04] 03_coverage_audit INFO: G6: 2213 / 2249 nation x year cells fail (share_air_time_valid < 0.50), carrying 16078928 / 40435177 departures (0.3976 share). Written to /workspaces/flight-risk/rounds/round-1-t100-panel/coverage_excluded_cells.csv.
[2026-09-02 00:23:04] 03_coverage_audit INFO: G6 VERIFY: excluded-cells set matches <0.50 cells in coverage_audit.csv exactly (2213 cells).
[2026-09-02 00:23:04] 03_coverage_audit INFO: Corridor sample (rows touching a NEW-06 anchor airport): 325519 / 1745448 rows.
[2026-09-02 00:23:05] 03_coverage_audit INFO: Wrote /workspaces/flight-risk/rounds/round-1-t100-panel/coverage_by_corridor.csv: 1037 corridor x nation x year cells.
[2026-09-02 00:23:05] 03_coverage_audit WARNING: Anchor-corridor foreign-operator cells below G6 (0.50): 908 (counts against proceeding, per round file ex-ante rationale). corridors affected: ['useastasia', 'useurope_placebo', 'usindia', 'usmideast']
[2026-09-02 00:23:05] 03_coverage_audit INFO: Wrote /workspaces/flight-risk/rounds/round-1-t100-panel/tables/tab_coverage_audit.tex: 93 nation rows x 4 decade columns.
[2026-09-02 00:23:05] 03_coverage_audit INFO: Wrote /workspaces/flight-risk/rounds/round-1-t100-panel/figures/fig_coverage_heatmap.png (93 nations x 36 years).
[2026-09-02 00:23:05] 03_coverage_audit INFO: 03_coverage_audit DONE. 2249 nation x year cells; 2213 fail G6 (0.3976 of departures).
[2026-09-02 00:29:52] 03_coverage_audit INFO: Loaded t100_raw.parquet: 2662470 rows.
[2026-09-02 00:29:52] 03_coverage_audit INFO: Loaded carrier_nation.parquet: 8842 (UNIQUE_CARRIER, year) rows.
[2026-09-02 00:29:52] 03_coverage_audit INFO: Loaded carrier_nation_precision_audit.csv: 290 matched-foreign codes.
[2026-09-02 00:29:52] 03_coverage_audit INFO: Filter passenger service (is_passenger==True) & DEPARTURES_PERFORMED>0: 2662470 -> 1815580 rows.
[2026-09-02 00:29:52] 03_coverage_audit INFO: US-touching check: every sampled row has exactly one US endpoint (verified).
[2026-09-02 00:29:52] 03_coverage_audit INFO: merge on=(UNIQUE_CARRIER, YEAR) how=left | left=1815580 right=8842 -> merged=1815580
[2026-09-02 00:29:52] 03_coverage_audit INFO:   _merge both: 1815065 (100.0%)
[2026-09-02 00:29:52] 03_coverage_audit INFO:   _merge left_only: 515 (0.0%)
[2026-09-02 00:29:52] 03_coverage_audit INFO:   _merge right_only: 0 (0.0%)
[2026-09-02 00:29:52] 03_coverage_audit INFO:   match rate (both/merged): 1.000
[2026-09-02 00:29:52] 03_coverage_audit INFO: Excluded population (FIX-02 mapping): 98 codes / 70132 segment-month rows / 1214475 departures logged to /workspaces/flight-risk/rounds/round-1-t100-panel/coverage_matching_exclusions.csv.
[2026-09-02 00:29:52] 03_coverage_audit INFO:   null_carrier_code: 1 codes, 515 rows, 6327 departures.
[2026-09-02 00:29:52] 03_coverage_audit INFO:   refused_suffix_collision: 20 codes, 11939 rows, 178674 departures.
[2026-09-02 00:29:52] 03_coverage_audit INFO:   unmatched_code: 78 codes, 57678 rows, 1029474 departures.
[2026-09-02 00:29:52] 03_coverage_audit INFO: Matched sample for coverage audit: 1745448 / 1815580 rows (0.9614 of segment-months, 0.9708 of departures).
[2026-09-02 00:29:52] 03_coverage_audit INFO: Precision-flag merge: 1002068 rows unmatched to precision_audit (expect ~= us_by_construction rows = 1002068).
[2026-09-02 00:29:54] 03_coverage_audit INFO: Wrote /workspaces/flight-risk/rounds/round-1-t100-panel/coverage_audit.csv: 2249 nation x year cells.
[2026-09-02 00:29:54] 03_coverage_audit INFO: G5 pass: all 7 share columns within [0,1]; air-time shares sum to 1 in every cell.
[2026-09-02 00:29:54] 03_coverage_audit INFO: G6: 2213 / 2249 nation x year cells fail (share_air_time_valid < 0.50), carrying 16078928 / 40435177 departures (0.3976 share). Written to /workspaces/flight-risk/rounds/round-1-t100-panel/coverage_excluded_cells.csv.
[2026-09-02 00:29:54] 03_coverage_audit INFO: G6 VERIFY: excluded-cells set matches <0.50 cells in coverage_audit.csv exactly (2213 cells).
[2026-09-02 00:29:54] 03_coverage_audit INFO: Corridor sample (rows touching a NEW-06 anchor airport): 325519 / 1745448 rows.
[2026-09-02 00:29:55] 03_coverage_audit INFO: Wrote /workspaces/flight-risk/rounds/round-1-t100-panel/coverage_by_corridor.csv: 1037 corridor x nation x year cells.
[2026-09-02 00:29:55] 03_coverage_audit WARNING: Anchor-corridor foreign-operator cells below G6 (0.50): 908 (counts against proceeding, per round file ex-ante rationale). corridors affected: ['useastasia', 'useurope_placebo', 'usindia', 'usmideast']
[2026-09-02 00:29:55] 03_coverage_audit INFO: Wrote /workspaces/flight-risk/rounds/round-1-t100-panel/tables/tab_coverage_audit.tex: 93 nation rows x 4 decade columns.
[2026-09-02 00:29:55] 03_coverage_audit INFO: Wrote /workspaces/flight-risk/rounds/round-1-t100-panel/figures/fig_coverage_heatmap.png (93 nations x 36 years).
[2026-09-02 00:29:55] 03_coverage_audit INFO: 03_coverage_audit DONE. 2249 nation x year cells; 2213 fail G6 (0.3976 of departures).
[2026-09-02 00:41:36] 03_coverage_audit INFO: Loaded t100_raw.parquet: 2662470 rows.
[2026-09-02 00:41:36] 03_coverage_audit INFO: Loaded carrier_nation.parquet: 8842 (UNIQUE_CARRIER, year) rows.
[2026-09-02 00:41:36] 03_coverage_audit INFO: Loaded carrier_nation_precision_audit.csv: 290 matched-foreign codes.
[2026-09-02 00:41:36] 03_coverage_audit INFO: Filter passenger service (is_passenger==True) & DEPARTURES_PERFORMED>0: 2662470 -> 1815580 rows.
[2026-09-02 00:41:36] 03_coverage_audit INFO: US-touching check: every sampled row has exactly one US endpoint (verified).
[2026-09-02 00:41:36] 03_coverage_audit INFO: merge on=(UNIQUE_CARRIER, YEAR) how=left | left=1815580 right=8842 -> merged=1815580
[2026-09-02 00:41:36] 03_coverage_audit INFO:   _merge both: 1815065 (100.0%)
[2026-09-02 00:41:36] 03_coverage_audit INFO:   _merge left_only: 515 (0.0%)
[2026-09-02 00:41:36] 03_coverage_audit INFO:   _merge right_only: 0 (0.0%)
[2026-09-02 00:41:36] 03_coverage_audit INFO:   match rate (both/merged): 1.000
[2026-09-02 00:41:37] 03_coverage_audit INFO: Excluded population (FIX-02 mapping): 98 codes / 70132 segment-month rows / 1214475 departures logged to /workspaces/flight-risk/rounds/round-1-t100-panel/coverage_matching_exclusions.csv.
[2026-09-02 00:41:37] 03_coverage_audit INFO:   null_carrier_code: 1 codes, 515 rows, 6327 departures.
[2026-09-02 00:41:37] 03_coverage_audit INFO:   refused_suffix_collision: 20 codes, 11939 rows, 178674 departures.
[2026-09-02 00:41:37] 03_coverage_audit INFO:   unmatched_code: 78 codes, 57678 rows, 1029474 departures.
[2026-09-02 00:41:37] 03_coverage_audit INFO:   excluded population AIR_TIME coverage, foreign-group: 70120 rows, 0 with AIR_TIME>0 (share 0.000000).
[2026-09-02 00:41:37] 03_coverage_audit INFO:   excluded population AIR_TIME coverage, US-group: 12 rows, 12 with AIR_TIME>0 (share 1.000000).
[2026-09-02 00:41:37] 03_coverage_audit INFO: Matched sample for coverage audit: 1745448 / 1815580 rows (0.9614 of segment-months, 0.9708 of departures).
[2026-09-02 00:41:37] 03_coverage_audit INFO: Precision-flag merge: 1002068 rows unmatched to precision_audit (expect ~= us_by_construction rows = 1002068).
[2026-09-02 00:41:39] 03_coverage_audit INFO: Wrote /workspaces/flight-risk/rounds/round-1-t100-panel/coverage_audit.csv: 2249 nation x year cells.
[2026-09-02 00:41:39] 03_coverage_audit INFO: G5 pass: all 7 share columns within [0,1]; air-time shares sum to 1 in every cell.
[2026-09-02 00:41:39] 03_coverage_audit INFO: G6: 2213 / 2249 nation x year cells fail (share_air_time_valid < 0.50), carrying 16078928 / 40435177 departures (0.3976 share). Written to /workspaces/flight-risk/rounds/round-1-t100-panel/coverage_excluded_cells.csv.
[2026-09-02 00:41:39] 03_coverage_audit INFO: G6 VERIFY: excluded-cells set matches <0.50 cells in coverage_audit.csv exactly (2213 cells).
[2026-09-02 00:41:39] 03_coverage_audit INFO: Corridor sample (rows touching a NEW-06 anchor airport): 325519 / 1745448 rows.
[2026-09-02 00:41:40] 03_coverage_audit INFO: Wrote /workspaces/flight-risk/rounds/round-1-t100-panel/coverage_by_corridor.csv: 1037 corridor x nation x year cells.
[2026-09-02 00:41:40] 03_coverage_audit WARNING: Anchor-corridor foreign-operator cells below G6 (0.50): 908 (counts against proceeding, per round file ex-ante rationale). corridors affected: ['useastasia', 'useurope_placebo', 'usindia', 'usmideast']
[2026-09-02 00:41:40] 03_coverage_audit INFO: Wrote /workspaces/flight-risk/rounds/round-1-t100-panel/tables/tab_coverage_audit.tex: 93 nation rows x 4 decade columns.
[2026-09-02 00:41:40] 03_coverage_audit INFO: Wrote /workspaces/flight-risk/rounds/round-1-t100-panel/figures/fig_coverage_heatmap.png (93 nations x 36 years).
[2026-09-02 00:41:40] 03_coverage_audit INFO: 03_coverage_audit DONE. 2249 nation x year cells; 2213 fail G6 (0.3976 of departures).
[2026-09-02 00:41:50] 03_coverage_audit INFO: Loaded t100_raw.parquet: 2662470 rows.
[2026-09-02 00:41:50] 03_coverage_audit INFO: Loaded carrier_nation.parquet: 8842 (UNIQUE_CARRIER, year) rows.
[2026-09-02 00:41:50] 03_coverage_audit INFO: Loaded carrier_nation_precision_audit.csv: 290 matched-foreign codes.
[2026-09-02 00:41:50] 03_coverage_audit INFO: Filter passenger service (is_passenger==True) & DEPARTURES_PERFORMED>0: 2662470 -> 1815580 rows.
[2026-09-02 00:41:50] 03_coverage_audit INFO: US-touching check: every sampled row has exactly one US endpoint (verified).
[2026-09-02 00:41:50] 03_coverage_audit INFO: merge on=(UNIQUE_CARRIER, YEAR) how=left | left=1815580 right=8842 -> merged=1815580
[2026-09-02 00:41:50] 03_coverage_audit INFO:   _merge both: 1815065 (100.0%)
[2026-09-02 00:41:50] 03_coverage_audit INFO:   _merge left_only: 515 (0.0%)
[2026-09-02 00:41:50] 03_coverage_audit INFO:   _merge right_only: 0 (0.0%)
[2026-09-02 00:41:50] 03_coverage_audit INFO:   match rate (both/merged): 1.000
[2026-09-02 00:41:50] 03_coverage_audit INFO: Excluded population (FIX-02 mapping): 98 codes / 70132 segment-month rows / 1214475 departures logged to /workspaces/flight-risk/rounds/round-1-t100-panel/coverage_matching_exclusions.csv.
[2026-09-02 00:41:50] 03_coverage_audit INFO:   null_carrier_code: 1 codes, 515 rows, 6327 departures.
[2026-09-02 00:41:50] 03_coverage_audit INFO:   refused_suffix_collision: 20 codes, 11939 rows, 178674 departures.
[2026-09-02 00:41:50] 03_coverage_audit INFO:   unmatched_code: 78 codes, 57678 rows, 1029474 departures.
[2026-09-02 00:41:50] 03_coverage_audit INFO:   excluded population AIR_TIME coverage, foreign-group: 70120 rows, 0 with AIR_TIME>0 (share 0.000000).
[2026-09-02 00:41:50] 03_coverage_audit INFO:   excluded population AIR_TIME coverage, US-group: 12 rows, 12 with AIR_TIME>0 (share 1.000000).
[2026-09-02 00:41:51] 03_coverage_audit INFO: Matched sample for coverage audit: 1745448 / 1815580 rows (0.9614 of segment-months, 0.9708 of departures).
[2026-09-02 00:41:51] 03_coverage_audit INFO: Precision-flag merge: 1002068 rows unmatched to precision_audit (expect ~= us_by_construction rows = 1002068).
[2026-09-02 00:41:52] 03_coverage_audit INFO: Wrote /workspaces/flight-risk/rounds/round-1-t100-panel/coverage_audit.csv: 2249 nation x year cells.
[2026-09-02 00:41:52] 03_coverage_audit INFO: G5 pass: all 7 share columns within [0,1]; air-time shares sum to 1 in every cell.
[2026-09-02 00:41:52] 03_coverage_audit INFO: G6: 2213 / 2249 nation x year cells fail (share_air_time_valid < 0.50), carrying 16078928 / 40435177 departures (0.3976 share). Written to /workspaces/flight-risk/rounds/round-1-t100-panel/coverage_excluded_cells.csv.
[2026-09-02 00:41:52] 03_coverage_audit INFO: G6 VERIFY: excluded-cells set matches <0.50 cells in coverage_audit.csv exactly (2213 cells).
[2026-09-02 00:41:53] 03_coverage_audit INFO: Corridor sample (rows touching a NEW-06 anchor airport): 325519 / 1745448 rows.
[2026-09-02 00:41:53] 03_coverage_audit INFO: Wrote /workspaces/flight-risk/rounds/round-1-t100-panel/coverage_by_corridor.csv: 1037 corridor x nation x year cells.
[2026-09-02 00:41:53] 03_coverage_audit WARNING: Anchor-corridor foreign-operator cells below G6 (0.50): 908 (counts against proceeding, per round file ex-ante rationale). corridors affected: ['useastasia', 'useurope_placebo', 'usindia', 'usmideast']
[2026-09-02 00:41:53] 03_coverage_audit INFO: Wrote /workspaces/flight-risk/rounds/round-1-t100-panel/tables/tab_coverage_audit.tex: 93 nation rows x 4 decade columns.
[2026-09-02 00:41:54] 03_coverage_audit INFO: Wrote /workspaces/flight-risk/rounds/round-1-t100-panel/figures/fig_coverage_heatmap.png (93 nations x 36 years).
[2026-09-02 00:41:54] 03_coverage_audit INFO: 03_coverage_audit DONE. 2249 nation x year cells; 2213 fail G6 (0.3976 of departures).
[2026-09-02 00:48:44] 03_coverage_audit INFO: Loaded t100_raw.parquet: 2662470 rows.
[2026-09-02 00:48:44] 03_coverage_audit INFO: Loaded carrier_nation.parquet: 8842 (UNIQUE_CARRIER, year) rows.
[2026-09-02 00:48:44] 03_coverage_audit INFO: Loaded carrier_nation_precision_audit.csv: 290 matched-foreign codes.
[2026-09-02 00:48:44] 03_coverage_audit INFO: Filter passenger service (is_passenger==True) & DEPARTURES_PERFORMED>0: 2662470 -> 1815580 rows.
[2026-09-02 00:48:44] 03_coverage_audit INFO: US-touching check: every sampled row has exactly one US endpoint (verified).
[2026-09-02 00:48:44] 03_coverage_audit INFO: merge on=(UNIQUE_CARRIER, YEAR) how=left | left=1815580 right=8842 -> merged=1815580
[2026-09-02 00:48:44] 03_coverage_audit INFO:   _merge both: 1815065 (100.0%)
[2026-09-02 00:48:44] 03_coverage_audit INFO:   _merge left_only: 515 (0.0%)
[2026-09-02 00:48:44] 03_coverage_audit INFO:   _merge right_only: 0 (0.0%)
[2026-09-02 00:48:44] 03_coverage_audit INFO:   match rate (both/merged): 1.000
[2026-09-02 00:48:45] 03_coverage_audit INFO: Excluded population (FIX-02 mapping): 98 codes / 70132 segment-month rows / 1214475 departures logged to /workspaces/flight-risk/rounds/round-1-t100-panel/coverage_matching_exclusions.csv.
[2026-09-02 00:48:45] 03_coverage_audit INFO:   null_carrier_code: 1 codes, 515 rows, 6327 departures.
[2026-09-02 00:48:45] 03_coverage_audit INFO:   refused_suffix_collision: 20 codes, 11939 rows, 178674 departures.
[2026-09-02 00:48:45] 03_coverage_audit INFO:   unmatched_code: 78 codes, 57678 rows, 1029474 departures.
[2026-09-02 00:48:45] 03_coverage_audit INFO:   excluded population AIR_TIME coverage, foreign-group: 70120 rows, 0 with AIR_TIME>0 (share 0.000000).
[2026-09-02 00:48:45] 03_coverage_audit INFO:   excluded population AIR_TIME coverage, US-group: 12 rows, 12 with AIR_TIME>0 (share 1.000000).
[2026-09-02 00:48:45] 03_coverage_audit INFO: Matched sample for coverage audit: 1745448 / 1815580 rows (0.9614 of segment-months, 0.9708 of departures).
[2026-09-02 00:48:45] 03_coverage_audit INFO: Precision-flag merge: 1002068 rows unmatched to precision_audit (expect ~= us_by_construction rows = 1002068).
[2026-09-02 00:48:47] 03_coverage_audit INFO: Wrote /workspaces/flight-risk/rounds/round-1-t100-panel/coverage_audit.csv: 2249 nation x year cells.
[2026-09-02 00:48:47] 03_coverage_audit INFO: G5 pass: all 7 share columns within [0,1]; air-time shares sum to 1 in every cell.
[2026-09-02 00:48:47] 03_coverage_audit INFO: G6: 2213 / 2249 nation x year cells fail (share_air_time_valid < 0.50), carrying 16078928 / 40435177 departures (0.3976 share). Written to /workspaces/flight-risk/rounds/round-1-t100-panel/coverage_excluded_cells.csv.
[2026-09-02 00:48:47] 03_coverage_audit INFO: G6 VERIFY: excluded-cells set matches <0.50 cells in coverage_audit.csv exactly (2213 cells).
[2026-09-02 00:48:47] 03_coverage_audit INFO: Corridor sample (rows touching a NEW-06 anchor airport): 325519 / 1745448 rows.
[2026-09-02 00:48:47] 03_coverage_audit INFO: Wrote /workspaces/flight-risk/rounds/round-1-t100-panel/coverage_by_corridor.csv: 1037 corridor x nation x year cells.
[2026-09-02 00:48:47] 03_coverage_audit WARNING: Anchor-corridor foreign-operator cells below G6 (0.50): 908 (counts against proceeding, per round file ex-ante rationale). corridors affected: ['useastasia', 'useurope_placebo', 'usindia', 'usmideast']
[2026-09-02 00:48:47] 03_coverage_audit INFO: Wrote /workspaces/flight-risk/rounds/round-1-t100-panel/tables/tab_coverage_audit.tex: 93 nation rows x 4 decade columns.
[2026-09-02 00:48:48] 03_coverage_audit INFO: Wrote /workspaces/flight-risk/rounds/round-1-t100-panel/figures/fig_coverage_heatmap.png (93 nations x 36 years).
[2026-09-02 00:48:48] 03_coverage_audit INFO: 03_coverage_audit DONE. 2249 nation x year cells; 2213 fail G6 (0.3976 of departures).
