[2026-09-02 00:41:42] 03b_carrier_group_coverage INFO: Read T_T100I_SEGMENT_ALL_CARRIER_1990.csv: 51160 rows.
[2026-09-02 00:41:42] 03b_carrier_group_coverage INFO: Read T_T100I_SEGMENT_ALL_CARRIER_1991.csv: 51621 rows.
[2026-09-02 00:41:42] 03b_carrier_group_coverage INFO: Read T_T100I_SEGMENT_ALL_CARRIER_1992.csv: 56408 rows.
[2026-09-02 00:41:42] 03b_carrier_group_coverage INFO: Read T_T100I_SEGMENT_ALL_CARRIER_1993.csv: 55169 rows.
[2026-09-02 00:41:42] 03b_carrier_group_coverage INFO: Read T_T100I_SEGMENT_ALL_CARRIER_1994.csv: 56941 rows.
[2026-09-02 00:41:42] 03b_carrier_group_coverage INFO: Read T_T100I_SEGMENT_ALL_CARRIER_1995.csv: 58692 rows.
[2026-09-02 00:41:42] 03b_carrier_group_coverage INFO: Read T_T100I_SEGMENT_ALL_CARRIER_1996.csv: 60085 rows.
[2026-09-02 00:41:43] 03b_carrier_group_coverage INFO: Read T_T100I_SEGMENT_ALL_CARRIER_1997.csv: 61945 rows.
[2026-09-02 00:41:43] 03b_carrier_group_coverage INFO: Read T_T100I_SEGMENT_ALL_CARRIER_1998.csv: 63767 rows.
[2026-09-02 00:41:43] 03b_carrier_group_coverage INFO: Read T_T100I_SEGMENT_ALL_CARRIER_1999.csv: 64002 rows.
[2026-09-02 00:41:43] 03b_carrier_group_coverage INFO: Read T_T100I_SEGMENT_ALL_CARRIER_2000.csv: 67338 rows.
[2026-09-02 00:41:43] 03b_carrier_group_coverage INFO: Read T_T100I_SEGMENT_ALL_CARRIER_2001.csv: 65650 rows.
[2026-09-02 00:41:43] 03b_carrier_group_coverage INFO: Read T_T100I_SEGMENT_ALL_CARRIER_2002.csv: 63686 rows.
[2026-09-02 00:41:43] 03b_carrier_group_coverage INFO: Read T_T100I_SEGMENT_ALL_CARRIER_2003.csv: 64935 rows.
[2026-09-02 00:41:43] 03b_carrier_group_coverage INFO: Read T_T100I_SEGMENT_ALL_CARRIER_2004.csv: 70773 rows.
[2026-09-02 00:41:43] 03b_carrier_group_coverage INFO: Read T_T100I_SEGMENT_ALL_CARRIER_2005.csv: 71930 rows.
[2026-09-02 00:41:43] 03b_carrier_group_coverage INFO: Read T_T100I_SEGMENT_ALL_CARRIER_2006.csv: 74665 rows.
[2026-09-02 00:41:43] 03b_carrier_group_coverage INFO: Read T_T100I_SEGMENT_ALL_CARRIER_2007.csv: 77927 rows.
[2026-09-02 00:41:43] 03b_carrier_group_coverage INFO: Read T_T100I_SEGMENT_ALL_CARRIER_2008.csv: 74526 rows.
[2026-09-02 00:41:43] 03b_carrier_group_coverage INFO: Read T_T100I_SEGMENT_ALL_CARRIER_2009.csv: 70179 rows.
[2026-09-02 00:41:43] 03b_carrier_group_coverage INFO: Read T_T100I_SEGMENT_ALL_CARRIER_2010.csv: 74156 rows.
[2026-09-02 00:41:44] 03b_carrier_group_coverage INFO: Read T_T100I_SEGMENT_ALL_CARRIER_2011.csv: 75684 rows.
[2026-09-02 00:41:44] 03b_carrier_group_coverage INFO: Read T_T100I_SEGMENT_ALL_CARRIER_2012.csv: 74750 rows.
[2026-09-02 00:41:44] 03b_carrier_group_coverage INFO: Read T_T100I_SEGMENT_ALL_CARRIER_2013.csv: 74872 rows.
[2026-09-02 00:41:44] 03b_carrier_group_coverage INFO: Read T_T100I_SEGMENT_ALL_CARRIER_2014.csv: 78716 rows.
[2026-09-02 00:41:44] 03b_carrier_group_coverage INFO: Read T_T100I_SEGMENT_ALL_CARRIER_2015.csv: 84062 rows.
[2026-09-02 00:41:44] 03b_carrier_group_coverage INFO: Read T_T100I_SEGMENT_ALL_CARRIER_2016.csv: 88200 rows.
[2026-09-02 00:41:44] 03b_carrier_group_coverage INFO: Read T_T100I_SEGMENT_ALL_CARRIER_2017.csv: 90771 rows.
[2026-09-02 00:41:44] 03b_carrier_group_coverage INFO: Read T_T100I_SEGMENT_ALL_CARRIER_2018.csv: 93900 rows.
[2026-09-02 00:41:44] 03b_carrier_group_coverage INFO: Read T_T100I_SEGMENT_ALL_CARRIER_2019.csv: 92371 rows.
[2026-09-02 00:41:44] 03b_carrier_group_coverage INFO: Read T_T100I_SEGMENT_ALL_CARRIER_2020.csv: 57468 rows.
[2026-09-02 00:41:44] 03b_carrier_group_coverage INFO: Read T_T100I_SEGMENT_ALL_CARRIER_2021.csv: 75606 rows.
[2026-09-02 00:41:45] 03b_carrier_group_coverage INFO: Read T_T100I_SEGMENT_ALL_CARRIER_2022.csv: 97275 rows.
[2026-09-02 00:41:45] 03b_carrier_group_coverage INFO: Read T_T100I_SEGMENT_ALL_CARRIER_2023.csv: 102133 rows.
[2026-09-02 00:41:45] 03b_carrier_group_coverage INFO: Read T_T100I_SEGMENT_ALL_CARRIER_2024.csv: 108801 rows.
[2026-09-02 00:41:45] 03b_carrier_group_coverage INFO: Read T_T100I_SEGMENT_ALL_CARRIER_2025.csv: 112306 rows.
[2026-09-02 00:41:45] 03b_carrier_group_coverage INFO: Concatenated 36 raw files: 2662470 rows total.
[2026-09-02 00:41:45] 03b_carrier_group_coverage INFO: CARRIER_GROUP value set observed: [np.int64(0), np.int64(1), np.int64(2), np.int64(3), np.int64(7)]
[2026-09-02 00:41:45] 03b_carrier_group_coverage INFO: Wrote /workspaces/flight-risk/rounds/round-1-t100-panel/coverage_by_carrier_group.csv: 147 year x carrier_group rows.
[2026-09-02 00:41:45] 03b_carrier_group_coverage INFO: ASSERTION HOLDS across all 36 years with CARRIER_GROUP==0 data: 1133545 rows, 0 with AIR_TIME>0, 0 AIR_TIME null, 0 RAMP_TO_RAMP null.
[2026-09-02 00:41:45] 03b_carrier_group_coverage INFO: CARRIER_GROUP==7 years: [2002, 2003, 2004]
[2026-09-02 00:41:45] 03b_carrier_group_coverage INFO: US-group (CARRIER_GROUP in [1, 2, 3, 7]) rows with DEPARTURES_PERFORMED>0: 1523785; of those, AIR_TIME>0: 1523296 (share 0.999679). Independently reproduced from the 36 raw CSVs directly (not the parquet).
[2026-09-02 00:41:45] 03b_carrier_group_coverage INFO: Wrote /workspaces/flight-risk/rounds/round-1-t100-panel/coverage_column_availability.csv: 20 rows (2 groups x 10 columns).
[2026-09-02 00:41:45] 03b_carrier_group_coverage INFO: Foreign-group column availability (share of ALL rows with value>0):
              column  share_gt0
DEPARTURES_PERFORMED   1.000000
            AIR_TIME   0.000000
        RAMP_TO_RAMP   0.000000
DEPARTURES_SCHEDULED   0.000000
                MAIL   0.000000
               SEATS   0.840383
          PASSENGERS   0.835525
             PAYLOAD   0.809544
             FREIGHT   0.651918
            DISTANCE   1.000000
[2026-09-02 00:41:45] 03b_carrier_group_coverage INFO: G5 pass: share_gt0 within [0,1] in all rows.
[2026-09-02 00:41:45] 03b_carrier_group_coverage INFO: 03b_carrier_group_coverage DONE.
[2026-09-02 00:41:54] 03b_carrier_group_coverage INFO: Read T_T100I_SEGMENT_ALL_CARRIER_1990.csv: 51160 rows.
[2026-09-02 00:41:54] 03b_carrier_group_coverage INFO: Read T_T100I_SEGMENT_ALL_CARRIER_1991.csv: 51621 rows.
[2026-09-02 00:41:54] 03b_carrier_group_coverage INFO: Read T_T100I_SEGMENT_ALL_CARRIER_1992.csv: 56408 rows.
[2026-09-02 00:41:54] 03b_carrier_group_coverage INFO: Read T_T100I_SEGMENT_ALL_CARRIER_1993.csv: 55169 rows.
[2026-09-02 00:41:54] 03b_carrier_group_coverage INFO: Read T_T100I_SEGMENT_ALL_CARRIER_1994.csv: 56941 rows.
[2026-09-02 00:41:54] 03b_carrier_group_coverage INFO: Read T_T100I_SEGMENT_ALL_CARRIER_1995.csv: 58692 rows.
[2026-09-02 00:41:54] 03b_carrier_group_coverage INFO: Read T_T100I_SEGMENT_ALL_CARRIER_1996.csv: 60085 rows.
[2026-09-02 00:41:54] 03b_carrier_group_coverage INFO: Read T_T100I_SEGMENT_ALL_CARRIER_1997.csv: 61945 rows.
[2026-09-02 00:41:54] 03b_carrier_group_coverage INFO: Read T_T100I_SEGMENT_ALL_CARRIER_1998.csv: 63767 rows.
[2026-09-02 00:41:54] 03b_carrier_group_coverage INFO: Read T_T100I_SEGMENT_ALL_CARRIER_1999.csv: 64002 rows.
[2026-09-02 00:41:54] 03b_carrier_group_coverage INFO: Read T_T100I_SEGMENT_ALL_CARRIER_2000.csv: 67338 rows.
[2026-09-02 00:41:55] 03b_carrier_group_coverage INFO: Read T_T100I_SEGMENT_ALL_CARRIER_2001.csv: 65650 rows.
[2026-09-02 00:41:55] 03b_carrier_group_coverage INFO: Read T_T100I_SEGMENT_ALL_CARRIER_2002.csv: 63686 rows.
[2026-09-02 00:41:55] 03b_carrier_group_coverage INFO: Read T_T100I_SEGMENT_ALL_CARRIER_2003.csv: 64935 rows.
[2026-09-02 00:41:55] 03b_carrier_group_coverage INFO: Read T_T100I_SEGMENT_ALL_CARRIER_2004.csv: 70773 rows.
[2026-09-02 00:41:55] 03b_carrier_group_coverage INFO: Read T_T100I_SEGMENT_ALL_CARRIER_2005.csv: 71930 rows.
[2026-09-02 00:41:55] 03b_carrier_group_coverage INFO: Read T_T100I_SEGMENT_ALL_CARRIER_2006.csv: 74665 rows.
[2026-09-02 00:41:55] 03b_carrier_group_coverage INFO: Read T_T100I_SEGMENT_ALL_CARRIER_2007.csv: 77927 rows.
[2026-09-02 00:41:55] 03b_carrier_group_coverage INFO: Read T_T100I_SEGMENT_ALL_CARRIER_2008.csv: 74526 rows.
[2026-09-02 00:41:55] 03b_carrier_group_coverage INFO: Read T_T100I_SEGMENT_ALL_CARRIER_2009.csv: 70179 rows.
[2026-09-02 00:41:55] 03b_carrier_group_coverage INFO: Read T_T100I_SEGMENT_ALL_CARRIER_2010.csv: 74156 rows.
[2026-09-02 00:41:55] 03b_carrier_group_coverage INFO: Read T_T100I_SEGMENT_ALL_CARRIER_2011.csv: 75684 rows.
[2026-09-02 00:41:55] 03b_carrier_group_coverage INFO: Read T_T100I_SEGMENT_ALL_CARRIER_2012.csv: 74750 rows.
[2026-09-02 00:41:55] 03b_carrier_group_coverage INFO: Read T_T100I_SEGMENT_ALL_CARRIER_2013.csv: 74872 rows.
[2026-09-02 00:41:55] 03b_carrier_group_coverage INFO: Read T_T100I_SEGMENT_ALL_CARRIER_2014.csv: 78716 rows.
[2026-09-02 00:41:56] 03b_carrier_group_coverage INFO: Read T_T100I_SEGMENT_ALL_CARRIER_2015.csv: 84062 rows.
[2026-09-02 00:41:56] 03b_carrier_group_coverage INFO: Read T_T100I_SEGMENT_ALL_CARRIER_2016.csv: 88200 rows.
[2026-09-02 00:41:56] 03b_carrier_group_coverage INFO: Read T_T100I_SEGMENT_ALL_CARRIER_2017.csv: 90771 rows.
[2026-09-02 00:41:56] 03b_carrier_group_coverage INFO: Read T_T100I_SEGMENT_ALL_CARRIER_2018.csv: 93900 rows.
[2026-09-02 00:41:56] 03b_carrier_group_coverage INFO: Read T_T100I_SEGMENT_ALL_CARRIER_2019.csv: 92371 rows.
[2026-09-02 00:41:56] 03b_carrier_group_coverage INFO: Read T_T100I_SEGMENT_ALL_CARRIER_2020.csv: 57468 rows.
[2026-09-02 00:41:56] 03b_carrier_group_coverage INFO: Read T_T100I_SEGMENT_ALL_CARRIER_2021.csv: 75606 rows.
[2026-09-02 00:41:56] 03b_carrier_group_coverage INFO: Read T_T100I_SEGMENT_ALL_CARRIER_2022.csv: 97275 rows.
[2026-09-02 00:41:56] 03b_carrier_group_coverage INFO: Read T_T100I_SEGMENT_ALL_CARRIER_2023.csv: 102133 rows.
[2026-09-02 00:41:56] 03b_carrier_group_coverage INFO: Read T_T100I_SEGMENT_ALL_CARRIER_2024.csv: 108801 rows.
[2026-09-02 00:41:56] 03b_carrier_group_coverage INFO: Read T_T100I_SEGMENT_ALL_CARRIER_2025.csv: 112306 rows.
[2026-09-02 00:41:56] 03b_carrier_group_coverage INFO: Concatenated 36 raw files: 2662470 rows total.
[2026-09-02 00:41:56] 03b_carrier_group_coverage INFO: CARRIER_GROUP value set observed: [np.int64(0), np.int64(1), np.int64(2), np.int64(3), np.int64(7)]
[2026-09-02 00:41:57] 03b_carrier_group_coverage INFO: Wrote /workspaces/flight-risk/rounds/round-1-t100-panel/coverage_by_carrier_group.csv: 147 year x carrier_group rows.
[2026-09-02 00:41:57] 03b_carrier_group_coverage INFO: ASSERTION HOLDS across all 36 years with CARRIER_GROUP==0 data: 1133545 rows, 0 with AIR_TIME>0, 0 AIR_TIME null, 0 RAMP_TO_RAMP null.
[2026-09-02 00:41:57] 03b_carrier_group_coverage INFO: CARRIER_GROUP==7 years: [2002, 2003, 2004]
[2026-09-02 00:41:57] 03b_carrier_group_coverage INFO: US-group (CARRIER_GROUP in [1, 2, 3, 7]) rows with DEPARTURES_PERFORMED>0: 1523785; of those, AIR_TIME>0: 1523296 (share 0.999679). Independently reproduced from the 36 raw CSVs directly (not the parquet).
[2026-09-02 00:41:57] 03b_carrier_group_coverage INFO: Wrote /workspaces/flight-risk/rounds/round-1-t100-panel/coverage_column_availability.csv: 20 rows (2 groups x 10 columns).
[2026-09-02 00:41:57] 03b_carrier_group_coverage INFO: Foreign-group column availability (share of ALL rows with value>0):
              column  share_gt0
DEPARTURES_PERFORMED   1.000000
            AIR_TIME   0.000000
        RAMP_TO_RAMP   0.000000
DEPARTURES_SCHEDULED   0.000000
                MAIL   0.000000
               SEATS   0.840383
          PASSENGERS   0.835525
             PAYLOAD   0.809544
             FREIGHT   0.651918
            DISTANCE   1.000000
[2026-09-02 00:41:57] 03b_carrier_group_coverage INFO: G5 pass: share_gt0 within [0,1] in all rows.
[2026-09-02 00:41:57] 03b_carrier_group_coverage INFO: 03b_carrier_group_coverage DONE.
[2026-09-02 00:48:48] 03b_carrier_group_coverage INFO: Read T_T100I_SEGMENT_ALL_CARRIER_1990.csv: 51160 rows.
[2026-09-02 00:48:48] 03b_carrier_group_coverage INFO: Read T_T100I_SEGMENT_ALL_CARRIER_1991.csv: 51621 rows.
[2026-09-02 00:48:48] 03b_carrier_group_coverage INFO: Read T_T100I_SEGMENT_ALL_CARRIER_1992.csv: 56408 rows.
[2026-09-02 00:48:48] 03b_carrier_group_coverage INFO: Read T_T100I_SEGMENT_ALL_CARRIER_1993.csv: 55169 rows.
[2026-09-02 00:48:48] 03b_carrier_group_coverage INFO: Read T_T100I_SEGMENT_ALL_CARRIER_1994.csv: 56941 rows.
[2026-09-02 00:48:48] 03b_carrier_group_coverage INFO: Read T_T100I_SEGMENT_ALL_CARRIER_1995.csv: 58692 rows.
[2026-09-02 00:48:48] 03b_carrier_group_coverage INFO: Read T_T100I_SEGMENT_ALL_CARRIER_1996.csv: 60085 rows.
[2026-09-02 00:48:49] 03b_carrier_group_coverage INFO: Read T_T100I_SEGMENT_ALL_CARRIER_1997.csv: 61945 rows.
[2026-09-02 00:48:49] 03b_carrier_group_coverage INFO: Read T_T100I_SEGMENT_ALL_CARRIER_1998.csv: 63767 rows.
[2026-09-02 00:48:49] 03b_carrier_group_coverage INFO: Read T_T100I_SEGMENT_ALL_CARRIER_1999.csv: 64002 rows.
[2026-09-02 00:48:49] 03b_carrier_group_coverage INFO: Read T_T100I_SEGMENT_ALL_CARRIER_2000.csv: 67338 rows.
[2026-09-02 00:48:49] 03b_carrier_group_coverage INFO: Read T_T100I_SEGMENT_ALL_CARRIER_2001.csv: 65650 rows.
[2026-09-02 00:48:49] 03b_carrier_group_coverage INFO: Read T_T100I_SEGMENT_ALL_CARRIER_2002.csv: 63686 rows.
[2026-09-02 00:48:49] 03b_carrier_group_coverage INFO: Read T_T100I_SEGMENT_ALL_CARRIER_2003.csv: 64935 rows.
[2026-09-02 00:48:49] 03b_carrier_group_coverage INFO: Read T_T100I_SEGMENT_ALL_CARRIER_2004.csv: 70773 rows.
[2026-09-02 00:48:49] 03b_carrier_group_coverage INFO: Read T_T100I_SEGMENT_ALL_CARRIER_2005.csv: 71930 rows.
[2026-09-02 00:48:49] 03b_carrier_group_coverage INFO: Read T_T100I_SEGMENT_ALL_CARRIER_2006.csv: 74665 rows.
[2026-09-02 00:48:49] 03b_carrier_group_coverage INFO: Read T_T100I_SEGMENT_ALL_CARRIER_2007.csv: 77927 rows.
[2026-09-02 00:48:49] 03b_carrier_group_coverage INFO: Read T_T100I_SEGMENT_ALL_CARRIER_2008.csv: 74526 rows.
[2026-09-02 00:48:49] 03b_carrier_group_coverage INFO: Read T_T100I_SEGMENT_ALL_CARRIER_2009.csv: 70179 rows.
[2026-09-02 00:48:49] 03b_carrier_group_coverage INFO: Read T_T100I_SEGMENT_ALL_CARRIER_2010.csv: 74156 rows.
[2026-09-02 00:48:50] 03b_carrier_group_coverage INFO: Read T_T100I_SEGMENT_ALL_CARRIER_2011.csv: 75684 rows.
[2026-09-02 00:48:50] 03b_carrier_group_coverage INFO: Read T_T100I_SEGMENT_ALL_CARRIER_2012.csv: 74750 rows.
[2026-09-02 00:48:50] 03b_carrier_group_coverage INFO: Read T_T100I_SEGMENT_ALL_CARRIER_2013.csv: 74872 rows.
[2026-09-02 00:48:50] 03b_carrier_group_coverage INFO: Read T_T100I_SEGMENT_ALL_CARRIER_2014.csv: 78716 rows.
[2026-09-02 00:48:50] 03b_carrier_group_coverage INFO: Read T_T100I_SEGMENT_ALL_CARRIER_2015.csv: 84062 rows.
[2026-09-02 00:48:50] 03b_carrier_group_coverage INFO: Read T_T100I_SEGMENT_ALL_CARRIER_2016.csv: 88200 rows.
[2026-09-02 00:48:50] 03b_carrier_group_coverage INFO: Read T_T100I_SEGMENT_ALL_CARRIER_2017.csv: 90771 rows.
[2026-09-02 00:48:50] 03b_carrier_group_coverage INFO: Read T_T100I_SEGMENT_ALL_CARRIER_2018.csv: 93900 rows.
[2026-09-02 00:48:50] 03b_carrier_group_coverage INFO: Read T_T100I_SEGMENT_ALL_CARRIER_2019.csv: 92371 rows.
[2026-09-02 00:48:50] 03b_carrier_group_coverage INFO: Read T_T100I_SEGMENT_ALL_CARRIER_2020.csv: 57468 rows.
[2026-09-02 00:48:50] 03b_carrier_group_coverage INFO: Read T_T100I_SEGMENT_ALL_CARRIER_2021.csv: 75606 rows.
[2026-09-02 00:48:50] 03b_carrier_group_coverage INFO: Read T_T100I_SEGMENT_ALL_CARRIER_2022.csv: 97275 rows.
[2026-09-02 00:48:51] 03b_carrier_group_coverage INFO: Read T_T100I_SEGMENT_ALL_CARRIER_2023.csv: 102133 rows.
[2026-09-02 00:48:51] 03b_carrier_group_coverage INFO: Read T_T100I_SEGMENT_ALL_CARRIER_2024.csv: 108801 rows.
[2026-09-02 00:48:51] 03b_carrier_group_coverage INFO: Read T_T100I_SEGMENT_ALL_CARRIER_2025.csv: 112306 rows.
[2026-09-02 00:48:51] 03b_carrier_group_coverage INFO: Concatenated 36 raw files: 2662470 rows total.
[2026-09-02 00:48:51] 03b_carrier_group_coverage INFO: CARRIER_GROUP value set observed: [np.int64(0), np.int64(1), np.int64(2), np.int64(3), np.int64(7)]
[2026-09-02 00:48:51] 03b_carrier_group_coverage INFO: Wrote /workspaces/flight-risk/rounds/round-1-t100-panel/coverage_by_carrier_group.csv: 147 year x carrier_group rows.
[2026-09-02 00:48:51] 03b_carrier_group_coverage INFO: ASSERTION HOLDS across all 36 years with CARRIER_GROUP==0 data: 1133545 rows, 0 with AIR_TIME>0, 0 AIR_TIME null, 0 RAMP_TO_RAMP null.
[2026-09-02 00:48:51] 03b_carrier_group_coverage INFO: CARRIER_GROUP==7 years: [2002, 2003, 2004]
[2026-09-02 00:48:51] 03b_carrier_group_coverage INFO: US-group (CARRIER_GROUP in [1, 2, 3, 7]) rows with DEPARTURES_PERFORMED>0: 1523785; of those, AIR_TIME>0: 1523296 (share 0.999679). Independently reproduced from the 36 raw CSVs directly (not the parquet).
[2026-09-02 00:48:51] 03b_carrier_group_coverage INFO: Wrote /workspaces/flight-risk/rounds/round-1-t100-panel/coverage_column_availability.csv: 20 rows (2 groups x 10 columns).
[2026-09-02 00:48:51] 03b_carrier_group_coverage INFO: Foreign-group column availability (share of ALL rows with value>0):
              column  share_gt0
DEPARTURES_PERFORMED   1.000000
            AIR_TIME   0.000000
        RAMP_TO_RAMP   0.000000
DEPARTURES_SCHEDULED   0.000000
                MAIL   0.000000
               SEATS   0.840383
          PASSENGERS   0.835525
             PAYLOAD   0.809544
             FREIGHT   0.651918
            DISTANCE   1.000000
[2026-09-02 00:48:51] 03b_carrier_group_coverage INFO: G5 pass: share_gt0 within [0,1] in all rows.
[2026-09-02 00:48:51] 03b_carrier_group_coverage INFO: 03b_carrier_group_coverage DONE.
